// Jest Snapshot v1, https://goo.gl/fbAQLP

exports[`test should exist 1`] = `
<div>
  <div
    class="test-thing"
  />
</div>
`;
